border_size=1
usage=map

Qxu, Qxu, Qxu, Qxu, Qxu, Qxu, Qxu, Qxu, Qxu, Qxu, Qxu, Qxu, Qxu, Qxu, Qxu, Qxu, Qxu, Qxu, Qxu, Qxu, Qxu, Qxu, Qxu, Qxu, Qxu, Qxu, Qxu, Qxu, Xu, Qxu, Xu, Qxu, Qxu, Xu, Xu, Xu, Xu, Xu, Xu, Xu, Xu, Xu, Xu, Xu, Xu, Xu, Xu, Xu, Xu, Xu, Xu, Xu, Xu, Xu, Xu, Xu, Xu, Xu, Xu, Xu, Xu, Xu, Xu, Xu, Xu, Xu, Xu, Xu, Xu, Xu, Xu, Xu
Qxu, Qxu, Qxu, Qxu, Xu, Qxu, Qxu, Qxu, Qxu, Qxu, Qxu, Qxu, Qxu, Qxu, Qxu, Qxu, Qxu, Qxu, Qxu, Qxu, Qxu, Qxu, Qxu, Uu^Vu, Xu, Uh, Xu, Xu, Xu, Xu, Xu, Xu, Xu, Xu, Xu, Xu, Xu, Xu, Xu, Qlf, Qlf, Qlf, Qlf, Ql, Uu, Uu, Uu, Uu, Xu, Uu, Xu, Ql, Xu, Ql, Xu, Ql, Xu, Ql, Ql, Ql, Qlf, Ql, Ql, Ql, Ql, Ql, Ql, Ql, Qlf, Ql, Qlf, Qlf
Xu, Xu, Xu, Xu, Xu, Xu, Xu, Qxu, Qxu, Qxu, Qxu, Qxu, Qxu, Qxu, Qxu, Qxu, Qxu, Qxu, Qxu, Qxu, Qxu, Qxu, Xu, Xu, Xu, Xu, Xu, Xu, Xu, Xu, Xu, Xu, Xu, Xu, Xu, Xu, Xu, Qlf, Qlf, Qlf, Qlf, Ql, Ql, Ql, Ql, Ql, Uu, Uu, Uu, Uu, Uu, Ql, Ql, Ql, Ql, Ql, Ql, Ql, Ql, Ql, Ql, Ql, Ql, Ql, Ql, Ql, Ql, Ql, Ql, Ql, Ql, Ql
Xu, Xu, Xu, Xu, Xu, Xu, Xu, Xu, Xu, Xu, Xu, Xu, Xu, Qxu, Qxu, Qxu, Qxu, Qxu, Qxu, Qxu, Qxu, Qxu, Xu, Xu, Xu, Xu, Xu, Xu, Xu, Xu, Xu, Xu, Xu, Xu, Xu, Xu, Xu, Qlf, Qlf, Ql, Ql, Ql, Ql, Ql, Ql, Ql, Uu, Uu, Uu, Qxu, Qxu, Qxu, Qxu, Qxu, Qxu, Qxu, Qxu, Qxu, Qxu, Qxu, Qxu, Qxu, Qxu, Qxu, Qxu, Qxu, Ql, Ql, Ql, Ql, Ql, Ql
Uu, Uu, Uu, Uu, Uu, Xu, Xu, Xu, Xu, Xu, Xu, Xu, Xu, Xu, Xu, Xu, Xu, Xu, Xu, Xu, Xu, Xu, Xu, Xu, Xu, Xu, Xu, Xu, Xu, Xu, Xu, Xu, Xu, Xu, Xu, Xu, Xu, Ql, Ql, Ql, Ql, Qxu, Ql, Ql, Ql, Qxu, Uu, Qxu, Qxu, Qxu, Qxu, Qxu, Qxu, Qxu, Qxu, Qxu, Qxu, Qxu, Qxu, Qxu, Qxu, Qxu, Qxu, Qxu, Qxu, Qxu, Qxu, Qxu, Ql, Ql, Ql, Ql
Uu, Uu, Rr, Uu, Rr, Uu, Uu, Xu, Uu, Xu, Xu, Xu, Xu, Xu, Xu, Xu, Xu, Xu, Xu, Xu, Xu, Xu, Xu, Xu, Xu, Xu, Xu, Xu, Xu, Xu, Xu, Xu, Xu, Xu, Xu, Xu, Xu, Ql, Ql, Ql, Qxu, Qxu, Qxu, Qxu, Qxu, Qxu, Qxu, Qxu, Qxu, Qxu, Qxu, Qxu, Qxu, Qxu, Qxu, Qxu, Qxu, Uu, Qxu, Qxu, Qxu, Qxu, Qxu, Qxu, Qxu, Qxu, Qxu, Qxu, Qxu, Qxu, Ql, Ql
Rr, 5 Rr, Uu, Rr, Uu, Rr, Rr, Uu, Uu, Uu, Uu, Xu, Xu, Xu, Xu, Xu, Xu, Xu, Xu, Xu, Xu, Xu, Xu, Xu, Xu, Xu, Xu, Xu, Xu, Xu, Xu, Xu, Xu, Xu, Xu, Xu, Xu, Ql, Ql, Qxu, Qxu, Qxu, Qxu, Qxu, Qxu, Qxu, Qxu, Uu, Qxu, Uu, Uu, Uu, Uu, Uu, Uu, Uu, Uu, Uu, Uu, Uu, Uu, Uu, Uu, Uu, Uu, Uu, Qxu, Qxu, Qxu, Qxu, Ql, Ql
Uu, Uu, Xu, Uu, Uh, Uu, Uu, Rr, Rr, Uu, Uu, Uu, Xu, Xu, Xu, Xu, Xu, Xu, Xu, Xu, Xu, Xu, Xu, Xu, Xu, Xu, Xu, Xu, Xu, Xu, Xu, Xu, Xu, Xu, Xu, Xu, Xu, Ql, Qxu, Qxu, Qxu, Qxu, Qxu, Uu, Uu, Uu, Uu, Uu, Uu, Rr, Uu, Rr, Rr, Rr, Rr, Rr, Rr, Rr, Rr, Rr, Rr, Rr, Rr, Rr, Uu, Uu, Uu, Qxu, Qxu, Qxu, Qxu, Ql
Xu, Xu, Xu, Xu, Xu, Uh, Uh, Uu, Rr, Uu, Uh, Xu, Xu, Xu, Xu, Xu, Xu, Xu, Xu, Xu, Xu, Xu, Xu, Xu, Xu, Xu, Xu, Xu, Xu, Xu, Xu, Xu, Xu, Xu, Xu, Xu, Xu, Ql, Qxu, Qxu, Qxu, Uu, Uu, Uu, Uu, Rr, Uu, Rr, Rr, Uu, Rr, Uu, Uu, Qxu, Qxu, Qxu, Qxu, Qxu, Qxu, Xu, Xu, Xu, Rr, Rr, Uu, Uu, Uu, Uu, Qxu, Qxu, Qxu, Ql
Xu, Xu, Xu, Xu, Xu, Xu, Uu, Uu, Rr, Uu, Uu, Xu, Xu, Xu, Xu, Xu, Xu, Xu, Xu, Xu, Xu, Xu, Xu, Xu, Xu, Xu, Xu, Xu, Xu, Xu, Xu, Xu, Xu, Xu, Xu, Xu, Xu, Ql, Qxu, Qxu, Qxu, Uu, Uu, Rr, Rr, Xu, Rr, Xu, Xu, Xu, Xu, Xu, Xu, Xu, Xu, Xu, Qxu, Xu, Xu, Xu, Xu, Xu, Uh, Uh, Rr, Rr, Uu, Xu, Qxu, Qxu, Qxu, Ql
Xu, Xu, Xu, Xu, Xu, Xu, Uu, Rr, Rr, Rr, Rr, Uu, Uu, Xu, Xu, Xu, Xu, Xu, Xu, Xu, Xu, Xu, Xu, Xu, Xu, Xu, Xu, Xu, Xu, Xu, Xu, Xu, Xu, Xu, Xu, Xu, Xu, Xu, Qxu, Qxu, Qxu, Uu, Uu, Rr, Rr, Xu, Xu, Xu, Xu, Xu, Xu, Xu, Xu, Xu, Xu, Qxu, Qxu, Qxu, Xu, Xu, Xu, Xu, Xu, Xu, Uu, Rr, Uu, Xu, Xu, Qxu, Qxu, Ql
Xu, Xu, Xu, Xu, Xu, Xu, Xu, Uu, Uu, Rr, Rr, Uu, Uu, Xu, Xu, Xu, Xu, Xu, Xu, Xu, Xu, Xu, Xu, Xu, Xu, Xu, Xu, Xu, Xu, Xu, Xu, Xu, Xu, Xu, Xu, Xu, Xu, Xu, Qxu, Qxu, Qxu, Uu, Uu, Rr, Xu, Xu, Xu, Xu, Xu, Xu, Xu, Xu, Xu, Xu, Cpy, Cpy, Qxu, Cpy, Cpy, Xu, Xu, Xu, Xu, Xu, Uu, Rr, Xu, Xu, Xu, Qxu, Qxu, Ql
Xu, Xu, Xu, Xu, Xu, Xu, Xu, Xu, Uh, Uu, Uu, Rr, Uu, Uu, Xu, Xu, Xu, Xu, Xu, Xu, Xu, Xu, Xu, Xu, Xu, Xu, Xu, Xu, Xu, Xu, Xu, Xu, Xu, Xu, Xu, Xu, Xu, Xu, Qxu, Qxu, Qxu, Uu, Rr, Xu, Xu, Xu, Xu, Uu, Uu^Vud, Uu, Uu^Vud, Xu, Xu, Xu, Cpy, Cpy, 2 Kpy, Cpy, Cpy, Xu, Xu, Xu, Xu, Uu, Rr, Rr, Uu, Uh, Xu, Qxu, Qxu, Ql
Xu, Xu, Xu, Xu, Xu, Xu, Xu, Xu, Uu, Uh, Rr, Rr, Uu, Uu, Xu, Xu, Xu, Xu, Xu, Xu, Xu, Xu, Xu, Xu, Xu, Xu, Xu, Xu, Xu, Xu, Xu, Xu, Xu, Xu, Xu, Xu, Xu, Xu, Xu, Qxu, Qxu, Uu, Rr, Xu, Xu, Xu, Uu^Vud, Uu, Uu, Uu, Uu, Uu, Xu, Xu, Xu, Uh^Pyg, Urb^Pyg, Uh^Pyg, Xu, Xu, Xu, Xu, Uh, Uu, Rr, Uu, Uu, Uh, Qxu, Qxu, Qxu, Ql
Xu, Xu, Xu, Xu, Xu, Xu, Xu, Xu, Uu, Uu, Rr, Uu, Uu, Uu, Xu, Xu, Xu, Xu, Xu, Xu, Xu, Xu, Xu, Xu, Xu, Xu, Xu, Xu, Xu, Xu, Xu, Xu, Xu, Xu, Xu, Xu, Xu, Xu, Xu, Qxu, Qxu, Uu, Rr, Xu, Xu, Xu, Uu, Uu, Urb, Urb, Uu, Uu, Xu, Uh, Uh, Urb, Urb, Uh, Xu, Xu, Xu, Uh, Uh, Rr, Rr, Uu, Uu, Uu, Qxu, Qxu, Qxu, Ql
Xu, Xu, Xu, Xu, Xu, Xu, Xu, Xu, Uu, Uu, Rr, Uu, Uu, Xu, Xu, Xu, Xu, Xu, Xu, Xu, Xu, Xu, Xu, Xu, Xu, Xu, Xu, Xu, Xu, Xu, Xu, Xu, Xu, Xu, Xu, Xu, Xu, Xu, Xu, Qxu, Qxu, Uu, Rr, Xu, Xu, Xu, Uu, Uu, Urb, Urb, Uu^Vud, Uu, Uu, Urb, Urb, Urb, Uu, Uu, Xu, Xu, Uh, Uu, Uu, Rr, Uu, Uu, Uu, Uu, Qxu, Qxu, Qxu, Ql
Xu, Xu, Xu, Xu, Xu, Xu, Xu, Xu, Xu, Uu, Rr, Uu, Uu, Uu, Xu, Xu, Xu, Xu, Xu, Xu, Xu, Xu, Xu, Xu, Xu, Xu, Xu, Xu, Xu, Xu, Xu, Xu, Xu, Xu, Xu, Xu, Xu, Xu, Xu, Qxu, Qxu, Uu, Rr, Xu, Xu, Xu, Uu, Uu, Urb, Urb, Urb, Urb, Urb, Urb, Urb, Uh, Uh, Xu, Xu, Xu, Xu, Uu, Urb, Uu, Uu, Uh, Uh, Uu, Qxu, Qxu, Qxu, Ql
Xu, Xu, Uh, Uh, Ur, Xu, Xu, Xu, Xu, Uu, Uu, Rr, Rr, Uu, Xuc, Xu, Xu, Xu, Xu, Xu, Xu, Xu, Xu, Xu, Xu, Xu, Xu, Xu, Xu, Xu, Xu, Xu, Xu, Xu, Xu, Xu, Xu, Xu, Xu, Qxu, Qxu, Uu, Rr, Xu, Xu, Xu, Uu, Uu, Urb, Uh, Urb, Uh, Uh, Uh, Uh, Xu, Xu, Xu, Xu, Xu, Uu^Vud, Uh, Urb, Uu, Uh, Uh, Uu, Qxu, Qxu, Qxu, Qxu, Ql
Xu, Uh, Uh, Uu, Qxu, Uu, Uu, Xu, Xu, Uh, Uu, Uu, Rr, Uu, Qxu, Xu, Qxu, Xuc, Qxu, Xuc, Qxu, Xu, Qxu, Qxu, Qxu, Xu, Qxu, Xu, Qxu, Xu, Xu, Xu, Xu, Xu, Xu, Xu, Xu, Xu, Qxu, Qxu, Qxu, Rr, Rr, Xu, Xu, Xu, Uh, Uu, Urb, Uh, Uh, Xu, Xu, Xu, Xu, Xu, Xu, Qxu, Qxu, Uh, Uh, Urb, Urb, Uu, Uh, Uu, Uu, Qxu, Qxu, Qxu, Ql, Ql
Xu, Uh, Uh, Ur, Qxu, Qxu, Uu, Xu, Xu, Xu, Uh, Uu, Rr, Uu, Qxu, Qxu, Qxu, Qxu, Qxu, Qxu, Qxu, Qxu, Qxu, Qxu, Qxu, Qxu, Qxu, Qxu, Qxu, Qxu, Qxu, Xu, Xu, Xu, Qxu, Qxu, Xu, Xu, Qxu, Qxu, Qxu, Rr, Uu, Uu, Xu, Xu, Uh, Uh, Urb, Uu, Xu, Xu, Xu, Xu, Xu, Xu, Xu, Qxu, Qxu, Uu, Uu, Uu, Urb, Uu, Uu, Qxu, Qxu, Qxu, Qxu, Ql, Ql, Qlf
Xu, Xu, Xu, Uh, Uu, Ur, Ur, Uu, Uh, Xu, Uh, Uu, Rr, Uu, Qxu, Qxu, Qxu, Qxu, Qxu, Qxu, Xu, Qxu, Xu, Qxu, Xu, Qxu, Qxu, Qxu, Qxu, Qxu, Qxu, Qxu, Xu, Qxu, Qxu, Qxu, Qxu, Qxu, Qxu, Qxu, Qxu, Rr, Uu, Uu, Xu, Xu, Xu, Uh, Urb, Uu, Uu, Uu, Xu, Xu, Uh, Uh, Qxu, Uu, Uu, Uu, Uu, Urb, Urb, Uu, Uu, Qxu, Qxu, Qxu, Ql, Ql, Ql, Qlf
Xu, Xu, Xu, Xu, Xu, Uu, Ur, Uu, Uu, Xu, Uu, Rr, Uh, Uh, Xuc, Qxu, Xu, Xu, Xu, Xu, Xu, Xu, Xu, Xu, Xu, Xu, Xu, Xu, Qxu, Qxu, Qxu, Qxu, Xu, Qxu, Qxu, Qxu, Qxu, Qxu, Qxu, Qxu, Qxu, Rr, Uu, Uu, Xu, Xu, Uh, Uh, Urb, Uu, Uu, Uu, Xu, Xu, Xu, Qxu, Qxu, Qxu, Qxu, Qxu, Uu, Uu, Urb, Uu, Uu, Qxu, Qxu, Qxu, Ql, Ql, Ql, Qlf
Xu, Xu, Xu, Xu, Xu, Uh, Uh, Ur, Ur, Uu, Uu, Rr, Rr, Uh, Xu, Xu, Xu, Xu, Xu, Xu, Xu, Xu, Xu, Xu, Xu, Xu, Xu, Xu, Xu, Qxu, Qxu, Qxu, Xu, Cud, Qxu, Qxu, Qxu, Qxu, Qxu, Qxu, Qxu, Uu, Rr, Uu, Uu, Uh, Uh, Kay, Cay, Qxu, Uu, Uu, Xu, Xu, Xu, Qxu, Qxu, Qxu, Qxu, Qxu, Uu, Uu, Urb, Uu, Uu, Qxu, Qxu, Qxu, Ql, Qlf, Qlf, Xu
Xu, Xu, Xu, Xu, Xu, Xu, Xu, Uh, Uh, Ur, Ur, Rr, Rr, Uu, Xu, Xu, Xu, Xu, Xu, Xu, Xu, Xu, Xu, Xu, Xu, Xu, Xu, Xu, Xu, Xu, Xu, Qxu, Xu, Qxu, Qxu, Qxu, Qxu, Qxu, Qxu, Qxu, Qxu, Uu, Rr, Rr, Uu, Urb, Cay, Cay, Cay, Qxu, Qxu, Uu, Uu, Xu, Xu, Xu, Qxu, Qxu, Qxu, Xu, Uu, Cay, Urb, Uu, Uu, Qxu, Qxu, Qxu, Ql, Ql, Ql, Ql
Xu, Xu, Xu, Xu, Xu, Xu, Xu, Uu, Uu, Uu, Uu, Rr, Uu, Uu, Ur, Xu, Xu, Xu, Xu, Xu, Xu, Xu, Xu, Xu, Xu, Xu, Xu, Xu, Xu, Xu, Xu, Xu, Xu, Qxu, Qxu, Qxu, Qxu, Qxu, Qxu, Qxu, Qxu, Uu, Uu, Uu, Urb, Urb, Urb, Qxu, Qxu, Xu, Qxu, Uu, Uu, Xu, Xu, Xu, Xu, Qxu, Xu, Uu^Vu, Xu, Urb, Urb, Xu, Xu, Qxu, Qxu, Qxu, Ql, Ql, Ql, Ql
Xu, Xu, Xu, Xu, Xu, Xu, Xu, Xu, Xu, Uh, Uu, Rr, Uu, Xu, Uu, Xu, Xu, Xu, Xu, Xu, Xu, Xu, Xu, Xu, Xu, Xu, Xu, Xu, Xu, Xu, Xu, Xu, Xu, Qlf, Qlf, Qxu, Qxu, Qxu, Qxu, Qxu, Qxu, Uu, Uu, Uu, Urb, Urb, Uu, Uu, Xu, Xu, Xu, Uu, Uu, Uh, Xu, Xu, Xu, Xu, Qxu, Uu, Uu, Urb, Uu, Uu, Xu, Qxu, Qxu, Qxu, Ql, Ql, Ql, Xu
Xu, Xu, Xu, Xu, Xu, Xu, Xu, Xu, Xu, Uh, Uh, Rr, Uu, Xu, Xu, Uu, Xu, Xu, Xu, Xu, Xu, Xu, Xu, Xu, Xu, Xu, Xu, Xu, Xu, Xu, Xu, Xu, Xu, Qlf, Qlf, Qlf, Ql, Ql, Qxu, Qxu, Qxu, Qxu, Uu, Uu, Uu, Uu, Urb, Urb, Uu, Uu, Uu, Uu, Uu, Uu, Uh, Uh, Xu, Xu, Qxu, Urb, Uu, Urb, Uu, Uu, Uu, Qxu, Qxu, Qxu, Ql, Xu, Xu, Xu
Xu, Xu, Xu, Xu, Uh, Xu, Xu, Xu, Xu, Uh, Uu, Rr, Uh, Xu, Xu, Uu, Uu, Xu, Xu, Xu, Xu, Xu, Xu, Xu, Xu, Xu, Xu, Xu, Xu, Xu, Xu, Xu, Xu, Qlf, Qlf, Qlf, Ql, Ql, Qxu, Qxu, Qxu, Qxu, Qxu, Qxu, Uu, Uu, Uu, Uu, Urb, Cay, Urb, Urb, Uu, Uu, Uh, Uh, Xu, Xu, Qxu, Urb, Urb, Urb, Urb, Uu, Uu, Qxu, Qxu, Ql, Ql, Xu, Xu, Xu
Xu, Xu, Xu, Xu, Uu, Uh, Uh, Xu, Uu, Uu, Rr, Rr, Uu, Xu, Ur, Uu, Uu, Xu, Xu, Xu, Xu, Xu, Xu, Xu, Xu, Xu, Xu, Xu, Xu, Xu, Xu, Xu, Xu, Qlf, Qlf, Qlf, Ql, Ql, Ql, Ql, Qxu, Qxu, Qxu, Qxu, Qxu, Qxu, Uu, Uu, Cay, 1 Kay, Cay, Uu, Urb, Uu, Uh, Xu, Xu, Xu, Xu, Urb, Urb, Urb, Urb, Uu, Qxu, Qxu, Qxu, Ql, Ql, Xu, Xu, Xu
Xu, Xu, Xu, Xu, Xu, Uu, Uu, Uu, Uu, Rr, Uu, Ur, Ur, Uu, Uu, Uu, Xu, Xu, Xu, Xu, Xu, Xu, Xu, Xu, Xu, Xu, Xu, Xu, Xu, Xu, Xu, Xu, Xu, Qlf, Qlf, Qlf, Ql, Ql, Ql, Ql, Ql, Ql, Qxu, Qxu, Qxu, Qxu, Qxu, Qxu, Uu, Uu, Cay, Uu, Urb, Uu, Xu, Xu, Xu, Uu, Uu, Urb, Urb, Urb, Uu, Uu, Qxu, Qxu, Qxu, Ql, Xu, Xu, Xu, Xu
Xu, Xu, Xu, Xu, Xu, Xu, Uu, Ur, Rr, Rr, Uu, Uu, Xu, Uu, Xu, Xu, Xu, Xu, Xu, Xu, Xu, Xu, Xu, Xu, Xu, Xu, Xu, Xu, Xu, Xu, Xu, Xu, Xu, Qlf, Qlf, Qlf, Ql, Ql, Ql, Ql, Ql, Ql, Ql, Ql, Qxu, Qxu, Qxu, Qxu, Qxu, Qxu, Uu, Uu^Vud, Urb, Uu^Vud, Xu, Xu, Xu, Cay, Uu, Urb, Urb, Urb, Uu, Cay, Qxu, Qxu, Qxu, Xu, Xu, Xu, Xu, Xu
Xu, Xu, Xu, Xu, Xu, Xu, Uu, Rr, Uu, Uu, Uh, Uh, Xu, Xu, Xu, Xu, Xu, Xu, Xu, Xu, Xu, Xu, Xu, Xu, Xu, Xu, Xu, Xu, Xu, Xu, Xu, Xu, Xu, Qlf, Qlf, Qlf, Qlf, Qlf, Qlf, Qlf, Ql, Ql, Ql, Ql, Ql, Ql, Qxu, Qxu, Qxu, Qxu, Uu, Uu^Vud, Urb, Uu^Vud, Uu^Vud, Xu, Xu, Xu, Cay, Uu, Urb, Uu, Cay, Cay, Qxu, Qxu, Qxu, Xu, Xu, Xu, Xu, Xu
Xu, Xu, Xu, Xu, Uh, Uh, Rr, Rr, Uu, Uh, Uh, Xu, Xu, Xu, Xu, Xu, Xu, Xu, Xu, Xu, Xu, Xu, Xu, Xu, Xu, Xu, Xu, Xu, Xu, Xu, Xu, Xu, Xu, Qlf, Qlf, Qlf, Qlf, Qlf, Qlf, Qlf, Qlf, Qlf, Qlf, Qlf, Ql, Ql, Ql, Xu, Qxu, Xu, Uu, Uu^Vud, Urb, Xuc, Xuc, Xu, Xu, Xu, Cay, Uu, Urb, Uu, Cay, Xu, Uu, Xu, Xu, Xu, Xu, Xu, Xu, Xu
Xu, Xu, Xu, Xu, Xu, Uu, Uu, Rr, Rr, Uu, Uu, Xu, Xu, Xu, Xu, Xu, Xu, Xu, Xu, Xu, Xu, Xu, Xu, Xu, Xu, Xu, Xu, Xu, Xu, Xu, Xu, Xu, Xu, Qlf, Qlf, Qlf, Qlf, Qlf, Qlf, Xu, Qlf, Xu, Qlf, Xu, Qlf, Xu, Xu, Xu, Xu, Xu, Xuc, Uu, Urb, Uu, Xu, Xu, Xu, Uu, Uu, Urb, Urb, Xu, Xu, Xu, Xu, Xu, Xu, Xu, Xu, Xu, Xu, Xu
Xu, Xu, Xu, Xu, Xu, Xu, Xu, Ur, Rr, Uu, Uu, Xu, Xu, Xu, Xu, Xu, Xu, Xu, Xu, Xu, Xu, Xu, Xu, Xu, Xu, Xu, Xu, Xu, Xu, Xu, Xu, Xu, Xu, Xu, Qlf, Xu, Xu, Xu, Xu, Xu, Xu, Xu, Xu, Xu, Xu, Xu, Xu, Xu, Xu, Xu, Xuc, Uu, Urb, Uu, Xuc, Uu^Vud, Uu, Uu, Uu, Urb, Uu, Xu, Xu, Xu, Xu, Xu, Xu, Xu, Xu, Xu, Xu, Xu
Xu, Xu, Xu, Xu, Xu, Xu, Xu, Uu, Ur, Rr, Rr, Uu, Uu, Xu, Xu, Xu, Xu, Xu, Xu, Xu, Xu, Xu, Xu, Xu, Xu, Uu, Xu, Cud, Xu, Xu, Xu, Xu, Xu, Xu, Xu, Xu, Xu, Xu, Xu, Xu, Xu, Xu, Xu, Xu, Uu, Xu, Xu, Xu, Xu, Xu, Xuc, Uh, Urb, Uh, Xuc, Uu, Uu, Urb, Urb, Uu, Uu, Xu, Xu, Xu, Xu, Xu, Xu, Uu, Xu, Cay, Xu, Xu
Xu, Xu, Xu, Xu, Xu, Xu, Uh, Uu, Uu, Ur, Rr, Uu, Uu, Uu, Uu, Uu, Uu, Uu, Uu, Uu, Uu, Uu, Uu, Uu, Uu, Rr, Rr, Rr, Rr, Rr, Xu, Xu, Xu, Xu, Xu, Xu, Uu, Uh, Uu, Uu, Uu^Vud, Uu, Cay, Uu, Uu, Uu, Uh, Uh, Uh, Xu, Xu, Xuc, Uh, Ur, Uu, Urb, Urb, Uu, Uu, Uu, Xu, Xu, Xu, Xu, Uh, Uu, Uu, Urb, Urb, Urb, Urb, Urb
Xu, Xu, Xu, Xu, Xu, Xu, Xu, Uu, Uu, Ur, Cay, Rr, Rr, Rr, Rr, Rr, Rr, Rr, Rr, Rr, Rr, Rr, Rr, Rr, Rr, Uu, Uu^Vud, Uu, Rr, Rr, Xu, Xu, Xu, Xu, Xu, Uh, Uh, Urb, Uu, Urb, Ur, Urb, Uu, Uu, Uu, Uu, Uu, Uu, Uh, Uh, Uu, Xu, Xu, Ur, Urb, Uu, Uu, Uu, Uu, Xu, Xu, Xu, Xu, Uh, Uu, Urb, Urb, Uu, Uu^Vud, Uu, Urb, Urb
Xu, Xu, Xu, Xu, Xu, Xu, Xu, Uu, Uh, Cay, Kay, Cay, Uu, Uu, Uu, Uu, Uu, Uu, Uu, Uu, Uu, Uu, Uu, Uu, Uu, Cay, Uu, Uu, Uu, Rr, Xuc, Xuc, Xuc, Xu, Uh, Uu, Uu, Urb, Urb, Ur, Urb, Ur, Urb, Urb, Urb, Urb, Urb, Urb, Ur, Uu, Uh, Uu, Cay, Urb, Urb, Uu, Uu, Xu, Xu, Xu, Xu, Uh, Uh, Urb, Urb, Uu, Uu, Cay, Uu, Uu, Uu, Urb
Xu, Xu, Xu, Xu, Xu, Xu, Xu, Uh, Uh, Cay, Cay, Cay, Uu, Uu, Uu, Uu, Uu, Uu, Uu, Uu, Uu, Uu, Uu, Xu, Xu, Xu, Uu, Uu, Uu, Rr, Xuc, Ur, Xuc, Xuc, Uu, Urb, Urb, Uu, Uu, Uu, Uu, Uu, Cay, Uu, Uu, Uu, Uu, Uu, Urb, Urb, Ur, Urb, Urb, Cay, Uu, Uu, Uu, Xu, Xu, Xu, Xu, Uh, Urb, Urb, Uu, Xu, Xu, Xu, Uu, Uu, Uu, Urb
Xu, Xu, Xu, Xu, Xu, Xu, Xu, Xu, Xu, Xu, Xu, Xu, Xu, Xu, Xu, Xu, Xu, Xu, Xu, Xu, Xu, Xu, Xu, Xu, Xu, Xu, Uu, Uu, Uu^Uf, Ur, Ur, Ur, Ur, Ur, Xu, Urb, Uu, Uh, Uu, Xu, Xu, Xu, Xu, Xu, Xu, Xu, Uu, Uu, Uu, Uu, Urb, Urb, Uu, Uu, Uu, Xu, Xu, Xu, Xu, Uh, Uh, Uu, Urb, Uu, Uu, Xu, Xu, Xu, Uu, Uu, Uu^Uf, Urb
Xu, Xu, Xu, Xu, Xu, Xu, Xu, Xu, Xu, Xu, Xu, Xu, Xu, Xu, Xu, Xu, Xu, Xu, Xu, Xu, Xu, Xu, Xu, Xu, Xu, Xu, Xu, Xu, Uu^Uf, Uu, Ur, Xuc, Uu, Ur, Urb, Uu, Uh, Uh, Xu, Xu, Xu, Xu, Xu, Xu, Xu, Xu, Xuc, Uu^Dr, Uu, Uu, Urb, Uu, Uu, Cay, Xu, Xu, Xu, Xu, Xu, Uh, Uh, Urb, Urb, Uu, Uu, Xu, Xu, Xu, Uu, Uu, Uu^Uf, Urb
Xu, Xu, Xu, Xu, Xu, Xu, Xu, Xu, Xu, Xu, Xu, Xu, Xu, Xu, Xu, Xu, Xu, Xu, Xu, Xu, Xu, Xu, Xu, Xu, Xu, Xu, Xu, Xu, Xu, Xuc, Xu, Xuc, Xu, Xu, Urb, Uu, Uh, Uh, Xu, Xu, Xu, Xu, Xu, Xu, Xu, Xu, Xuc, Uu, Uu, Uu^Dr, Urb, Uu, Xu, Xu, Xu, Xu, Xu, Xu, Uu, Uu, Uu, Urb, Uu, Uu, Xu, Xu, Xu, Xu, Uh, Uu, Rr, Uu
Xu, Xu, Xu, Xu, Xu, Xu, Xu, Xu, Xu, Xu, Xu, Xu, Xu, Xu, Xu, Xu, Xu, Xu, Xu, Xu, Xu, Xu, Xu, Xu, Xu, Xu, Xu, Xu, Xu, Xu, Xu, Xu, Xu, Xu, Urb, Uu, Uh, Xu, Xu, Xu, Xu, Xu, Xu, Xu, Xu, Xu, Xuc, Uu, Uu, Xuc, Xu, Xu, Xu, Xu, Xu, Xu, Xu, Uu, Uu, Urb, Urb, Uu, Uu, Uu^Vud, Xu, Xu, Xu, Uh, Uh, Uu, Rr, Uu
Xu, Xu, Xu, Xu, Xu, Xu, Xu, Xu, Xu, Xu, Xu, Xu, Xu, Xu, Xu, Xu, Xu, Xu, Xu, Xu, Xu, Xu, Xu, Xu, Xu, Xu, Xu, Xu, Xu, Xu, Xu, Xu, Xu, Xu, Urb, Uu, Uu, Xu, Xu, Xu, Xu, Xu, Xu, Xu, Xu, Xuc, Uu^Dr, Uu, Uu^Dr, Xuc, Xu, Xu, Xu, Xu, Xu, Xu, Uu, Urb, Urb, Uu, Xu, Xu, Xu, Xu, Xu, Xu, Xu, Uh, Uu, Rr, Rr, Uu
Xu, Xu, Xu, Xu, Xu, Xu, Xu, Xu, Xu, Xu, Xu, Xu, Xu, Xu, Xu, Xu, Xu, Xu, Xu, Xu, Xu, Xu, Xu, Xu, Xu, Xu, Xu, Xu, Xu, Xu, Xu, Xu, Xu, Xu, Urb, Urb, Uu, Uu, Uu, Xu, Xu, Xu, Xu, Xu, Xu, Xu, Xu, Uu, Uu, Xu, Xu, Xu, Xu, Xu, Uu, Urb, Urb, Uu, Xu, Xu, Xu, Xu, Xu, Xu, Xu, Xu, Xu, Uh, Uu, Rr, Uu, Uu
Xu, Xu, Xu, Xu, Xu, Xu, Xu, Xu, Xu, Xu, Xu, Xu, Xu, Xu, Xu, Xu, Xu, Xu, Xu, Xu, Xu, Xu, Xu, Xu, Xu, Xu, Xu, Xu, Xu, Xu, Xu, Xu, Xu, Xu, Uu, Urb, Uu, Uu, Uu, Uu, Uu, Uu, Uh, Uh, Uh, Uh, Uh, Uu, Uu, Urb, Cay, Urb, Uu, Urb, Urb, Uu, Uu, Xu, Xu, Xu, Xu, Xu, Xu, Xu, Xu, Uh, Uh, Uu, Urb, Uu, Uu, Xu
Xu, Xu, Xu, Xu, Xu, Xu, Xu, Xu, Xu, Xu, Xu, Xu, Xu, Xu, Xu, Xu, Xu, Xu, Xu, Xu, Xu, Xu, Xu, Xu, Xu, Xu, Xu, Xu, Xu, Xu, Xu, Xu, Xu, Xu, Xu, Xu, Urb, Urb, Urb, Urb, Uu, Urb, Uu, Uu, Uu, Urb, Urb, Urb, Urb, Uu, Urb, Urb, Urb, Uu, Urb, Uu, Uu, Cay, Cay, Cay, Xu, Uu^Vu, Xu, Uh, Uh, Uu, Uu, Urb, Urb, Xu, Xu, Xu
Xu, Xu, Xu, Xu, Xu, Xu, Xu, Xu, Xu, Xu, Xu, Xu, Xu, Xu, Xu, Xu, Xu, Xu, Xu, Xu, Xu, Xu, Xu, Xu, Xu, Xu, Xu, Xu, Xu, Xu, Xu, Xu, Xu, Xu, Xu, Xu, Uu^Vud, Uu, Uu, Uu, Urb, Uu, Urb, Urb, Urb, Uu, Ce, 3 Ke, Ce, Uu, Cay, Uu, Uu, Uu, Uu, Uu, Uu, Cay, 4 Kay, Cay, Xu, Uu, Uu, Uu, Uu, Urb, Urb, Uu^Uf, Uu^Uf, Xu, Xu, Xu
Xu, Xu, Xu, Xu, Xu, Xu, Xu, Xu, Xu, Xu, Xu, Xu, Xu, Xu, Xu, Xu, Xu, Xu, Xu, Xu, Xu, Xu, Xu, Xu, Xu, Xu, Xu, Xu, Xu, Xu, Xu, Xu, Xu, Xu, Xu, Xu, Xu, Xu, Xu, Uu, Uh, Uh, Uh, Uu^Vud, Uh, Uh, Uh, Ce, Ce, Uu, Uu, Uu, Uu, Uu^Uf, Xu, Xu, Xu, Xu, Cay, Uu, Uu, Urb, Urb, Urb, Urb, Uu^Uf, Uu, Xu, Xu, Xu, Xu, Xu
Xu, Xu, Xu, Xu, Xu, Xu, Xu, Xu, Xu, Xu, Xu, Xu, Xu, Xu, Xu, Xu, Xu, Xu, Xu, Xu, Xu, Xu, Xu, Xu, Xu, Xu, Xu, Xu, Xu, Xu, Xu, Xu, Xu, Xu, Xu, Xu, Xu, Xu, Xu, Xu, Xu, Xu, Xu, Xu, Xu, Xu, Xu, Xu, Xu, Xu, Cay, Uu, Xu, Xu, Xu, Xu, Xu, Uu, Uu, Urb, Urb, Uu, Urb, Uu, Uu, Uh, Xu, Xu, Xu, Xu, Xu, Xu
Xu, Xu, Xu, Xu, Xu, Xu, Xu, Xu, Xu, Xu, Xu, Xu, Xu, Xu, Xu, Xu, Xu, Xu, Xu, Xu, Xu, Xu, Xu, Xu, Xu, Xu, Xu, Xu, Xu, Xu, Xu, Xu, Xu, Xu, Xu, Xu, Xu, Xu, Xu, Xu, Xu, Xu, Xu, Xu, Xu, Xu, Xu, Xu, Xu, Xu, Xu, Xu, Xu, Xu, Xu, Xu, Xu, Xu, Uu, Urb, Cay, Cay, Cay, Uu, Uu, Uh, Xu, Xu, Xu, Xu, Xu, Xu
